Load page error. Auction - AIIA, Date - Sat Apr 18 2020 17:58:13 GMT+0300 (GMT+03:00)Load page error. Auction - AIIA, Date - Sat Apr 18 2020 17:58:21 GMT+0300 (GMT+03:00)Load page error. Auction - AIIA, Date - Sat Apr 18 2020 17:58:21 GMT+0300 (GMT+03:00)Load page error. Auction - AIIA, Date - Sat Apr 18 2020 17:58:27 GMT+0300 (GMT+03:00)Load page error. Auction - AIIA, Date - Sat Apr 18 2020 17:58:31 GMT+0300 (GMT+03:00)Load page error. Auction - AIIA, Date - Sat Apr 18 2020 17:59:17 GMT+0300 (GMT+03:00)Load page error. Auction - AIIA, Date - Sat Apr 18 2020 17:59:25 GMT+0300 (GMT+03:00)Load page error. Auction - AIIA, Date - Sat Apr 18 2020 17:59:25 GMT+0300 (GMT+03:00)Load page error. Auction - AIIA, Date - Sat Apr 18 2020 18:00:02 GMT+0300 (GMT+03:00)Load page error. Auction - AIIA, Date - Sat Apr 18 2020 18:00:17 GMT+0300 (GMT+03:00)Load page error. Auction - AIIA, Date - Sat Apr 18 2020 18:00:17 GMT+0300 (GMT+03:00)Load page error. Auction - AIIA, Date - Sat Apr 18 2020 18:00:26 GMT+0300 (GMT+03:00)Load page error. Auction - AIIA, Date - Sat Apr 18 2020 18:00:26 GMT+0300 (GMT+03:00)Load page error. Auction - AIIA, Date - Sat Apr 18 2020 18:00:26 GMT+0300 (GMT+03:00)Load page error. Auction - AIIA, Date - Sat Apr 18 2020 18:00:31 GMT+0300 (GMT+03:00)Load page error. Auction - AIIA, Date - Sat Apr 18 2020 18:00:36 GMT+0300 (GMT+03:00)Load page error. Auction - AIIA, Date - Sat Apr 18 2020 18:00:53 GMT+0300 (GMT+03:00)Load page error. Auction - AIIA, Date - Sat Apr 18 2020 18:00:53 GMT+0300 (GMT+03:00)Load page error. Auction - AIIA, Date - Sat Apr 18 2020 18:01:03 GMT+0300 (GMT+03:00)Load page error. Auction - AIIA, Date - Sat Apr 18 2020 18:01:08 GMT+0300 (GMT+03:00)Load page error. Auction - AIIA, Date - Sat Apr 18 2020 18:01:20 GMT+0300 (GMT+03:00)Load page error. Auction - AIIA, Date - Sat Apr 18 2020 18:01:27 GMT+0300 (GMT+03:00)Load page error. Auction - AIIA, Date - Sat Apr 18 2020 18:01:27 GMT+0300 (GMT+03:00)Load page error. Auction - AIIA, Date - Sat Apr 18 2020 18:02:18 GMT+0300 (GMT+03:00)Load page error. Auction - AIIA, Date - Sat Apr 18 2020 18:02:18 GMT+0300 (GMT+03:00)Load page error. Auction - AIIA, Date - Sat Apr 18 2020 18:02:28 GMT+0300 (GMT+03:00)Load page error. Auction - AIIA, Date - Sat Apr 18 2020 18:02:36 GMT+0300 (GMT+03:00)Load page error. Auction - AIIA, Date - Sat Apr 18 2020 18:02:36 GMT+0300 (GMT+03:00)Load page error. Auction - AIIA, Date - Sat Apr 18 2020 18:02:44 GMT+0300 (GMT+03:00)Load page error. Auction - AIIA, Date - Sat Apr 18 2020 18:03:01 GMT+0300 (GMT+03:00)Load page error. Auction - AIIA, Date - Sat Apr 18 2020 18:03:01 GMT+0300 (GMT+03:00)Load page error. Auction - AIIA, Date - Sat Apr 18 2020 18:03:12 GMT+0300 (GMT+03:00)Load page error. Auction - AIIA, Date - Sat Apr 18 2020 18:03:21 GMT+0300 (GMT+03:00)Load page error. Auction - AIIA, Date - Sat Apr 18 2020 18:03:21 GMT+0300 (GMT+03:00)Load page error. Auction - AIIA, Date - Sat Apr 18 2020 18:03:21 GMT+0300 (GMT+03:00)Load page error. Auction - AIIA, Date - Sat Apr 18 2020 18:03:38 GMT+0300 (GMT+03:00)Load page error. Auction - AIIA, Date - Sat Apr 18 2020 18:03:56 GMT+0300 (GMT+03:00)Load page error. Auction - AIIA, Date - Sat Apr 18 2020 18:04:05 GMT+0300 (GMT+03:00)Load page error. Auction - AIIA, Date - Sat Apr 18 2020 18:04:13 GMT+0300 (GMT+03:00)Load page error. Auction - AIIA, Date - Sat Apr 18 2020 18:04:13 GMT+0300 (GMT+03:00)Load page error. Auction - AIIA, Date - Sat Apr 18 2020 18:04:15 GMT+0300 (GMT+03:00)Load page error. Auction - AIIA, Date - Sat Apr 18 2020 18:04:21 GMT+0300 (GMT+03:00)Load page error. Auction - AIIA, Date - Sat Apr 18 2020 18:04:29 GMT+0300 (GMT+03:00)Load page error. Auction - AIIA, Date - Sat Apr 18 2020 18:04:37 GMT+0300 (GMT+03:00)Load page error. Auction - AIIA, Date - Sat Apr 18 2020 18:04:46 GMT+0300 (GMT+03:00)Load page error. Auction - AIIA, Date - Sat Apr 18 2020 18:05:13 GMT+0300 (GMT+03:00)Load page error. Auction - AIIA, Date - Sat Apr 18 2020 18:05:15 GMT+0300 (GMT+03:00)Load page error. Auction - AIIA, Date - Sat Apr 18 2020 18:05:15 GMT+0300 (GMT+03:00)Load page error. Auction - AIIA, Date - Sat Apr 18 2020 18:05:17 GMT+0300 (GMT+03:00)Load page error. Auction - AIIA, Date - Sat Apr 18 2020 18:05:20 GMT+0300 (GMT+03:00)Load page error. Auction - AIIA, Date - Sat Apr 18 2020 18:05:21 GMT+0300 (GMT+03:00)Load page error. Auction - AIIA, Date - Sat Apr 18 2020 18:05:21 GMT+0300 (GMT+03:00)Load page error. Auction - AIIA, Date - Sat Apr 18 2020 18:05:21 GMT+0300 (GMT+03:00)Load page error. Auction - AIIA, Date - Sat Apr 18 2020 18:05:26 GMT+0300 (GMT+03:00)Load page error. Auction - AIIA, Date - Sat Apr 18 2020 18:05:45 GMT+0300 (GMT+03:00)Load page error. Auction - AIIA, Date - Sat Apr 18 2020 18:05:45 GMT+0300 (GMT+03:00)Load page error. Auction - AIIA, Date - Sat Apr 18 2020 18:05:45 GMT+0300 (GMT+03:00)Load page error. Auction - AIIA, Date - Sat Apr 18 2020 18:05:53 GMT+0300 (GMT+03:00)Load page error. Auction - AIIA, Date - Sat Apr 18 2020 18:06:21 GMT+0300 (GMT+03:00)Load page error. Auction - AIIA, Date - Sat Apr 18 2020 18:06:39 GMT+0300 (GMT+03:00)Load page error. Auction - AIIA, Date - Sat Apr 18 2020 18:06:54 GMT+0300 (GMT+03:00)Load page error. Auction - AIIA, Date - Sat Apr 18 2020 18:06:54 GMT+0300 (GMT+03:00)Load page error. Auction - AIIA, Date - Sat Apr 18 2020 18:07:18 GMT+0300 (GMT+03:00)Load page error. Auction - AIIA, Date - Sat Apr 18 2020 18:07:35 GMT+0300 (GMT+03:00)Load page error. Auction - AIIA, Date - Sat Apr 18 2020 18:07:35 GMT+0300 (GMT+03:00)Load page error. Auction - AIIA, Date - Sat Apr 18 2020 18:08:09 GMT+0300 (GMT+03:00)Load page error. Auction - AIIA, Date - Sat Apr 18 2020 18:08:17 GMT+0300 (GMT+03:00)Load page error. Auction - AIIA, Date - Sat Apr 18 2020 18:08:22 GMT+0300 (GMT+03:00)Load page error. Auction - AIIA, Date - Sat Apr 18 2020 18:08:25 GMT+0300 (GMT+03:00)Load page error. Auction - AIIA, Date - Sat Apr 18 2020 18:08:25 GMT+0300 (GMT+03:00)Load page error. Auction - AIIA, Date - Sat Apr 18 2020 18:08:30 GMT+0300 (GMT+03:00)Load page error. Auction - AIIA, Date - Sat Apr 18 2020 18:08:57 GMT+0300 (GMT+03:00)Load page error. Auction - AIIA, Date - Sat Apr 18 2020 18:09:07 GMT+0300 (GMT+03:00)Load page error. Auction - AIIA, Date - Sat Apr 18 2020 18:09:25 GMT+0300 (GMT+03:00)Load page error. Auction - AIIA, Date - Sat Apr 18 2020 18:09:36 GMT+0300 (GMT+03:00)Load page error. Auction - AIIA, Date - Sat Apr 18 2020 18:09:41 GMT+0300 (GMT+03:00)Load page error. Auction - AIIA, Date - Sat Apr 18 2020 18:09:41 GMT+0300 (GMT+03:00)Load page error. Auction - AIIA, Date - Sat Apr 18 2020 18:09:49 GMT+0300 (GMT+03:00)Load page error. Auction - AIIA, Date - Sat Apr 18 2020 18:10:15 GMT+0300 (GMT+03:00)Load page error. Auction - AIIA, Date - Sat Apr 18 2020 18:10:23 GMT+0300 (GMT+03:00)Load page error. Auction - AIIA, Date - Sat Apr 18 2020 18:10:23 GMT+0300 (GMT+03:00)Load page error. Auction - AIIA, Date - Sat Apr 18 2020 18:10:31 GMT+0300 (GMT+03:00)Load page error. Auction - AIIA, Date - Sat Apr 18 2020 18:10:31 GMT+0300 (GMT+03:00)Load page error. Auction - AIIA, Date - Sat Apr 18 2020 18:10:40 GMT+0300 (GMT+03:00)Load page error. Auction - AIIA, Date - Sat Apr 18 2020 18:10:48 GMT+0300 (GMT+03:00)Load page error. Auction - AIIA, Date - Sat Apr 18 2020 18:10:48 GMT+0300 (GMT+03:00)Load page error. Auction - AIIA, Date - Sat Apr 18 2020 18:10:56 GMT+0300 (GMT+03:00)Load page error. Auction - AIIA, Date - Sat Apr 18 2020 18:11:01 GMT+0300 (GMT+03:00)Load page error. Auction - AIIA, Date - Sat Apr 18 2020 18:11:12 GMT+0300 (GMT+03:00)Load page error. Auction - AIIA, Date - Sat Apr 18 2020 18:11:12 GMT+0300 (GMT+03:00)Load page error. Auction - AIIA, Date - Sat Apr 18 2020 18:11:36 GMT+0300 (GMT+03:00)Load page error. Auction - AIIA, Date - Sat Apr 18 2020 18:11:36 GMT+0300 (GMT+03:00)Load page error. Auction - AIIA, Date - Sat Apr 18 2020 18:11:36 GMT+0300 (GMT+03:00)Load page error. Auction - AIIA, Date - Sat Apr 18 2020 18:12:16 GMT+0300 (GMT+03:00)Load page error. Auction - AIIA, Date - Sat Apr 18 2020 18:12:27 GMT+0300 (GMT+03:00)Load page error. Auction - AIIA, Date - Sat Apr 18 2020 18:12:39 GMT+0300 (GMT+03:00)Load page error. Auction - AIIA, Date - Sat Apr 18 2020 18:12:46 GMT+0300 (GMT+03:00)Load page error. Auction - AIIA, Date - Sat Apr 18 2020 18:12:46 GMT+0300 (GMT+03:00)Load page error. Auction - AIIA, Date - Sat Apr 18 2020 18:12:51 GMT+0300 (GMT+03:00)Load page error. Auction - AIIA, Date - Sat Apr 18 2020 18:12:57 GMT+0300 (GMT+03:00)Load page error. Auction - AIIA, Date - Sat Apr 18 2020 18:12:57 GMT+0300 (GMT+03:00)Load page error. Auction - AIIA, Date - Sat Apr 18 2020 18:13:04 GMT+0300 (GMT+03:00)Load page error. Auction - AIIA, Date - Sat Apr 18 2020 18:13:09 GMT+0300 (GMT+03:00)Load page error. Auction - AIIA, Date - Sat Apr 18 2020 18:13:21 GMT+0300 (GMT+03:00)